    3,13   
    3,13       1,1    
    3,13       1,2    
    3,1        1,3    
    3,2        1,3    
    3,3        1,3    
    3,4        1,3    
    3,5        1,3    
    3,6        1,3    
    3,7        1,3    
    3,8        1,3    
    3,9        1,3    
    3,10       1,3    
    3,13       1,3    
    3,1        1,4    
    3,2        1,4    
    3,3        1,4    
    3,4        1,4    
    3,5        1,4    
    3,6        1,4    
    3,7        1,4    
    3,8        1,4    
    3,9        1,4    
    3,10       1,4    
    3,13       1,4    
    3,13       1,5    
    3,13       1,6    
    3,13       1,7    
    3,13       1,8    
    3,13       1,9    
    3,13       1,10   
    3,13       1,11   
    3,13       1,12   
    3,13       1,13   
    5,1        2,1    
    5,1        2,2    
    7,7        4,1    
    7,7        4,2    
    7,7        4,3    
